{
    "('Abaroa', '2')": -0.0,
    "('Abaroa', '4')": -0.0,
    "('Abaroa', '6')": -0.0,
    "('Abaroa', '8')": -0.0,
    "('Abaroa', '10')": -0.0,
    "('Abaroa', '12')": 1.0,
    "('Llojeta', '2')": -0.0,
    "('Llojeta', '4')": -0.0,
    "('Llojeta', '6')": -0.0,
    "('Llojeta', '8')": -0.0,
    "('Llojeta', '10')": -0.0,
    "('Llojeta', '12')": -0.0,
    "('Cota_Cota', '2')": -0.0,
    "('Cota_Cota', '4')": -0.0,
    "('Cota_Cota', '6')": -0.0,
    "('Cota_Cota', '8')": -0.0,
    "('Cota_Cota', '10')": -0.0,
    "('Cota_Cota', '12')": -0.0,
    "('Achachicala', '2')": -0.0,
    "('Achachicala', '4')": -0.0,
    "('Achachicala', '6')": -0.0,
    "('Achachicala', '8')": -0.0,
    "('Achachicala', '10')": -0.0,
    "('Achachicala', '12')": -0.0,
    "('Mallasa', '2')": -0.0,
    "('Mallasa', '4')": -0.0,
    "('Mallasa', '6')": 1.0,
    "('Mallasa', '8')": -0.0,
    "('Mallasa', '10')": 0.0,
    "('Mallasa', '12')": -0.0,
    "('Sopocachi', '2')": -0.0,
    "('Sopocachi', '4')": -0.0,
    "('Sopocachi', '6')": -0.0,
    "('Sopocachi', '8')": -0.0,
    "('Sopocachi', '10')": -0.0,
    "('Sopocachi', '12')": 1.0,
    "('Periferica', '2')": -0.0,
    "('Periferica', '4')": -0.0,
    "('Periferica', '6')": -0.0,
    "('Periferica', '8')": -0.0,
    "('Periferica', '10')": -0.0,
    "('Periferica', '12')": 1.0,
    "('Zona_Cementerio', '2')": -0.0,
    "('Zona_Cementerio', '4')": 0.0,
    "('Zona_Cementerio', '6')": 0.0,
    "('Zona_Cementerio', '8')": -0.0,
    "('Zona_Cementerio', '10')": -0.0,
    "('Zona_Cementerio', '12')": 1.0,
    "('Los_Pinos', '2')": -0.0,
    "('Los_Pinos', '4')": -0.0,
    "('Los_Pinos', '6')": -0.0,
    "('Los_Pinos', '8')": -0.0,
    "('Los_Pinos', '10')": -0.0,
    "('Los_Pinos', '12')": 1.0,
    "objective": 811247.8050815853,
    "cost_installation_satellites": 262410.0,
    "cost_operating_satellites": 60374.0,
    "cost_served_from_satellite": 488463.80508158565,
    "cost_served_from_dc": 0.0,
    "scenarios": {
        "id_instance": "id_0_expected",
        "capacity_satellites": {
            "2": 2,
            "4": 4,
            "6": 6,
            "8": 8,
            "10": 10,
            "12": 12
        },
        "is_continuous_x": false,
        "alpha": 1.0,
        "beta": 1.0,
        "type_of_flexibility": 2,
        "periods": 12,
        "N": 0,
        "is_evaluation": true,
        "quantity_satellites": 9,
        "quantity_vehicles": 2,
        "quantity_scenarios": 1
    }
}